// Jest Snapshot v1, https://goo.gl/fbAQLP

exports[`Logout should call localStorage.removeItem when the button is clicked 1`] = `
<button
  class="MuiButton-root MuiButton-contained MuiButton-containedPrimary MuiButton-sizeMedium MuiButton-containedSizeMedium MuiButtonBase-root  css-sghohy-MuiButtonBase-root-MuiButton-root"
  tabindex="0"
  type="button"
>
  LOG OUT
  <span
    class="MuiTouchRipple-root css-8je8zh-MuiTouchRipple-root"
  />
</button>
`;
